// Jest Snapshot v1, https://goo.gl/fbAQLP

exports[`validate method on Validator class properly validates an object 1`] = `"No heavy in the object"`;

exports[`validate method on Validator class properly validates an object 2`] = `"No required paramater in the construction"`;

exports[`validate method on Validator class properly validates an object 3`] = `"Cannot cast >>Sugar<< to Number"`;
